
> frontend@0.0.0 build
> vite build

[36mvite v7.3.1 [32mbuilding client environment for production...[36m[39m
transforming...
[32mΓ£ô[39m 1101 modules transformed.
[inject-sw-assets] Injected 4 assets into sw.js
node.exe : [31mΓ£ù[39m 
Build failed in 5.26s
At line:1 char:1
+ & "C:\Program 
Files\nodejs/node.exe" "C:\U
sers\flyst\AppData\Roaming\ 
...
+ ~~~~~~~~~~~~~~~~~~~~~~~~~~
~~~~~~~~~~~~~~~~~~~~~~~~~~~~
~~~~~~~~~~~~~~~
    + CategoryInfo          
    : NotSpecified: ([31m  
  Γ£ù[39m Build failed i   
 n 5.26s:String) [], Rem    
oteException
    + FullyQualifiedErrorId 
    : NativeCommandError
 
[31merror during build:
[31mCould not resolve "../.
./../../context/ToastContext
" from "src/pages/schemes/co
rporate/MonthlyBilling.jsx"
[31m
file: [36mD:/MEDFINANCE360/
frontend/src/pages/schemes/c
orporate/MonthlyBilling.jsx
[31m
    at getRollupError (file:
///D:/MEDFINANCE360/frontend
/node_modules/rollup/dist/es
/shared/parseAst.js:402:41)
    at error (file:///D:/MED
FINANCE360/frontend/node_mod
ules/rollup/dist/es/shared/p
arseAst.js:398:42)
    at ModuleLoader.handleIn
validResolvedId (file:///D:/
MEDFINANCE360/frontend/node_
modules/rollup/dist/es/share
d/node-entry.js:21687:24)
    at file:///D:/MEDFINANCE
360/frontend/node_modules/ro
llup/dist/es/shared/node-ent
ry.js:21647:26[39m
